2025-04-04 04:26:28.010929 - Received CBT.V508.FILE107.PDS from FILE107.XMI 
2025-04-04 04:26:28.014165 - Found $$DOC.txt (text/plain) in CBT.V508.FILE107.PDS, moved to PDS/$$DOC
2025-04-04 04:26:28.014327 - Found $$README.txt (text/plain) in CBT.V508.FILE107.PDS, moved to PDS/$$README
2025-04-04 04:26:28.014484 - Found $INTRNLS.txt (text/plain) in CBT.V508.FILE107.PDS, moved to PDS/$INTRNLS
2025-04-04 04:26:28.014653 - Found $USERGDE.txt (text/plain) in CBT.V508.FILE107.PDS, moved to PDS/$USERGDE
2025-04-04 04:26:28.014779 - Found ##$DC.txt (text/plain) in CBT.V508.FILE107.PDS, moved to PDS/##$DC
2025-04-04 04:26:28.014902 - Found ##$OS.txt (text/plain) in CBT.V508.FILE107.PDS, moved to PDS/##$OS
2025-04-04 04:26:28.015043 - Found ##$PLI.txt (text/plain) in CBT.V508.FILE107.PDS, moved to PDS/##$PLI
2025-04-04 04:26:28.015184 - Found ##ASMH.txt (text/plain) in CBT.V508.FILE107.PDS, moved to PDS/##ASMH
2025-04-04 04:26:28.015314 - Found ##COND.txt (text/plain) in CBT.V508.FILE107.PDS, moved to PDS/##COND
2025-04-04 04:26:28.015442 - Found ##CVREG.txt (text/plain) in CBT.V508.FILE107.PDS, moved to PDS/##CVREG
2025-04-04 04:26:28.015569 - Found ##DEFSUB.txt (text/plain) in CBT.V508.FILE107.PDS, moved to PDS/##DEFSUB
2025-04-04 04:26:28.015753 - Found ##EESTD.txt (text/plain) in CBT.V508.FILE107.PDS, moved to PDS/##EESTD
2025-04-04 04:26:28.015878 - Found ##EPSTD.txt (text/plain) in CBT.V508.FILE107.PDS, moved to PDS/##EPSTD
2025-04-04 04:26:28.015998 - Found ##IESTD.txt (text/plain) in CBT.V508.FILE107.PDS, moved to PDS/##IESTD
2025-04-04 04:26:28.016127 - Found ##IGMSG.txt (text/plain) in CBT.V508.FILE107.PDS, moved to PDS/##IGMSG
2025-04-04 04:26:28.016276 - Found ##IPSTD.txt (text/plain) in CBT.V508.FILE107.PDS, moved to PDS/##IPSTD
2025-04-04 04:26:28.016403 - Found ##L.txt (text/plain) in CBT.V508.FILE107.PDS, moved to PDS/##L
2025-04-04 04:26:28.016517 - Found ##LA.txt (text/plain) in CBT.V508.FILE107.PDS, moved to PDS/##LA
2025-04-04 04:26:28.016642 - Found ##LDBS.txt (text/plain) in CBT.V508.FILE107.PDS, moved to PDS/##LDBS
2025-04-04 04:26:28.016766 - Found ##MODPFX.txt (text/plain) in CBT.V508.FILE107.PDS, moved to PDS/##MODPFX
2025-04-04 04:26:28.016886 - Found ##MREG.txt (text/plain) in CBT.V508.FILE107.PDS, moved to PDS/##MREG
2025-04-04 04:26:28.017006 - Found ##ORGS.txt (text/plain) in CBT.V508.FILE107.PDS, moved to PDS/##ORGS
2025-04-04 04:26:28.017134 - Found ##PEDC.txt (text/plain) in CBT.V508.FILE107.PDS, moved to PDS/##PEDC
2025-04-04 04:26:28.017960 - Found ##PEOS.txt (text/plain) in CBT.V508.FILE107.PDS, moved to PDS/##PEOS
2025-04-04 04:26:28.018077 - Found ##PEPLI.txt (text/plain) in CBT.V508.FILE107.PDS, moved to PDS/##PEPLI
2025-04-04 04:26:28.018294 - Found ##PLIST.txt (text/plain) in CBT.V508.FILE107.PDS, moved to PDS/##PLIST
2025-04-04 04:26:28.018427 - Found ##PPDC.txt (text/plain) in CBT.V508.FILE107.PDS, moved to PDS/##PPDC
2025-04-04 04:26:28.018568 - Found ##PPOS.txt (text/plain) in CBT.V508.FILE107.PDS, moved to PDS/##PPOS
2025-04-04 04:26:28.018689 - Found ##PPPLI.txt (text/plain) in CBT.V508.FILE107.PDS, moved to PDS/##PPPLI
2025-04-04 04:26:28.018818 - Found ##PRMOPT.txt (text/plain) in CBT.V508.FILE107.PDS, moved to PDS/##PRMOPT
2025-04-04 04:26:28.018956 - Found ##REGS.txt (text/plain) in CBT.V508.FILE107.PDS, moved to PDS/##REGS
2025-04-04 04:26:28.019065 - Found ##RST.txt (text/plain) in CBT.V508.FILE107.PDS, moved to PDS/##RST
2025-04-04 04:26:28.019177 - Found ##RWREG.txt (text/plain) in CBT.V508.FILE107.PDS, moved to PDS/##RWREG
2025-04-04 04:26:28.019291 - Found ##SESTD.txt (text/plain) in CBT.V508.FILE107.PDS, moved to PDS/##SESTD
2025-04-04 04:26:28.019425 - Found ##SPSTD.txt (text/plain) in CBT.V508.FILE107.PDS, moved to PDS/##SPSTD
2025-04-04 04:26:28.019536 - Found ##ST.txt (text/plain) in CBT.V508.FILE107.PDS, moved to PDS/##ST
2025-04-04 04:26:28.019666 - Found ##SUBOPT.txt (text/plain) in CBT.V508.FILE107.PDS, moved to PDS/##SUBOPT
2025-04-04 04:26:28.019787 - Found ##SWREG.txt (text/plain) in CBT.V508.FILE107.PDS, moved to PDS/##SWREG
2025-04-04 04:26:28.019900 - Found ##UCOND.txt (text/plain) in CBT.V508.FILE107.PDS, moved to PDS/##UCOND
2025-04-04 04:26:28.020022 - Found ##UESTD.txt (text/plain) in CBT.V508.FILE107.PDS, moved to PDS/##UESTD
2025-04-04 04:26:28.020142 - Found ##UPSTD.txt (text/plain) in CBT.V508.FILE107.PDS, moved to PDS/##UPSTD
2025-04-04 04:26:28.020261 - Found ##VEDSCT.txt (text/plain) in CBT.V508.FILE107.PDS, moved to PDS/##VEDSCT
2025-04-04 04:26:28.020375 - Found ##VEINLN.txt (text/plain) in CBT.V508.FILE107.PDS, moved to PDS/##VEINLN
2025-04-04 04:26:28.020497 - Found ##VOP.txt (text/plain) in CBT.V508.FILE107.PDS, moved to PDS/##VOP
2025-04-04 04:26:28.020616 - Found ##VPDSCT.txt (text/plain) in CBT.V508.FILE107.PDS, moved to PDS/##VPDSCT
2025-04-04 04:26:28.020758 - Found ##VPINLN.txt (text/plain) in CBT.V508.FILE107.PDS, moved to PDS/##VPINLN
2025-04-04 04:26:28.020889 - Found ##WESTD.txt (text/plain) in CBT.V508.FILE107.PDS, moved to PDS/##WESTD
2025-04-04 04:26:28.021016 - Found ##WPDC.txt (text/plain) in CBT.V508.FILE107.PDS, moved to PDS/##WPDC
2025-04-04 04:26:28.021145 - Found ##WPOS.txt (text/plain) in CBT.V508.FILE107.PDS, moved to PDS/##WPOS
2025-04-04 04:26:28.021261 - Found ##WPPLI.txt (text/plain) in CBT.V508.FILE107.PDS, moved to PDS/##WPPLI
2025-04-04 04:26:28.021382 - Found ##XEFF.txt (text/plain) in CBT.V508.FILE107.PDS, moved to PDS/##XEFF
2025-04-04 04:26:28.021511 - Found @FILE107.txt (text/plain) in CBT.V508.FILE107.PDS, moved to PDS/@FILE107
2025-04-04 04:26:28.021623 - Found BLOCK.txt (text/plain) in CBT.V508.FILE107.PDS, moved to PDS/BLOCK
2025-04-04 04:26:28.021741 - Found CALLSUB.txt (text/plain) in CBT.V508.FILE107.PDS, moved to PDS/CALLSUB
2025-04-04 04:26:28.021871 - Found CALLX.txt (text/plain) in CBT.V508.FILE107.PDS, moved to PDS/CALLX
2025-04-04 04:26:28.022006 - Found CASE.txt (text/plain) in CBT.V508.FILE107.PDS, moved to PDS/CASE
2025-04-04 04:26:28.022140 - Found CASEBLK.txt (text/plain) in CBT.V508.FILE107.PDS, moved to PDS/CASEBLK
2025-04-04 04:26:28.022269 - Found DC.txt (text/plain) in CBT.V508.FILE107.PDS, moved to PDS/DC
2025-04-04 04:26:28.022404 - Found DEFUCOND.txt (text/plain) in CBT.V508.FILE107.PDS, moved to PDS/DEFUCOND
2025-04-04 04:26:28.022532 - Found DEFVGTYP.txt (text/plain) in CBT.V508.FILE107.PDS, moved to PDS/DEFVGTYP
2025-04-04 04:26:28.022652 - Found DS.txt (text/plain) in CBT.V508.FILE107.PDS, moved to PDS/DS
2025-04-04 04:26:28.022775 - Found ELSE.txt (text/plain) in CBT.V508.FILE107.PDS, moved to PDS/ELSE
2025-04-04 04:26:28.022902 - Found ELSEIF.txt (text/plain) in CBT.V508.FILE107.PDS, moved to PDS/ELSEIF
2025-04-04 04:26:28.023030 - Found ENDBLK.txt (text/plain) in CBT.V508.FILE107.PDS, moved to PDS/ENDBLK
2025-04-04 04:26:28.023173 - Found ENDCASE.txt (text/plain) in CBT.V508.FILE107.PDS, moved to PDS/ENDCASE
2025-04-04 04:26:28.023315 - Found ENDIF.txt (text/plain) in CBT.V508.FILE107.PDS, moved to PDS/ENDIF
2025-04-04 04:26:28.023465 - Found ENDLOOP.txt (text/plain) in CBT.V508.FILE107.PDS, moved to PDS/ENDLOOP
2025-04-04 04:26:28.023602 - Found ENDPSD.txt (text/plain) in CBT.V508.FILE107.PDS, moved to PDS/ENDPSD
2025-04-04 04:26:28.023736 - Found ENDPWA.txt (text/plain) in CBT.V508.FILE107.PDS, moved to PDS/ENDPWA
2025-04-04 04:26:28.023873 - Found ENDSSD.txt (text/plain) in CBT.V508.FILE107.PDS, moved to PDS/ENDSSD
2025-04-04 04:26:28.024005 - Found ENDSWA.txt (text/plain) in CBT.V508.FILE107.PDS, moved to PDS/ENDSWA
2025-04-04 04:26:28.024298 - Found ENDVDA.txt (text/plain) in CBT.V508.FILE107.PDS, moved to PDS/ENDVDA
2025-04-04 04:26:28.024479 - Found EQU.txt (text/plain) in CBT.V508.FILE107.PDS, moved to PDS/EQU
2025-04-04 04:26:28.024627 - Found ERREXIT.txt (text/plain) in CBT.V508.FILE107.PDS, moved to PDS/ERREXIT
2025-04-04 04:26:28.024774 - Found EXI.txt (text/plain) in CBT.V508.FILE107.PDS, moved to PDS/EXI
2025-04-04 04:26:28.024973 - Found FILL.txt (text/plain) in CBT.V508.FILE107.PDS, moved to PDS/FILL
2025-04-04 04:26:28.025097 - Found IBIT.txt (text/plain) in CBT.V508.FILE107.PDS, moved to PDS/IBIT
2025-04-04 04:26:28.025224 - Found IF.txt (text/plain) in CBT.V508.FILE107.PDS, moved to PDS/IF
2025-04-04 04:26:28.025348 - Found LCBA.txt (text/plain) in CBT.V508.FILE107.PDS, moved to PDS/LCBA
2025-04-04 04:26:28.025473 - Found LEAVE.txt (text/plain) in CBT.V508.FILE107.PDS, moved to PDS/LEAVE
2025-04-04 04:26:28.025588 - Found LOOP.txt (text/plain) in CBT.V508.FILE107.PDS, moved to PDS/LOOP
2025-04-04 04:26:28.025973 - Found L16.txt (text/plain) in CBT.V508.FILE107.PDS, moved to PDS/L16
2025-04-04 04:26:28.026084 - Found L24.txt (text/plain) in CBT.V508.FILE107.PDS, moved to PDS/L24
2025-04-04 04:26:28.026207 - Found L32.txt (text/plain) in CBT.V508.FILE107.PDS, moved to PDS/L32
2025-04-04 04:26:28.026315 - Found L8.txt (text/plain) in CBT.V508.FILE107.PDS, moved to PDS/L8
2025-04-04 04:26:28.026479 - Found OLDFILL.txt (text/plain) in CBT.V508.FILE107.PDS, moved to PDS/OLDFILL
2025-04-04 04:26:28.026591 - Found OLDPPDC.txt (text/plain) in CBT.V508.FILE107.PDS, moved to PDS/OLDPPDC
2025-04-04 04:26:28.026702 - Found PLIST.txt (text/plain) in CBT.V508.FILE107.PDS, moved to PDS/PLIST
2025-04-04 04:26:28.026809 - Found PSD.txt (text/plain) in CBT.V508.FILE107.PDS, moved to PDS/PSD
2025-04-04 04:26:28.026922 - Found PWA.txt (text/plain) in CBT.V508.FILE107.PDS, moved to PDS/PWA
2025-04-04 04:26:28.027034 - Found RBIT.txt (text/plain) in CBT.V508.FILE107.PDS, moved to PDS/RBIT
2025-04-04 04:26:28.027140 - Found SBIT.txt (text/plain) in CBT.V508.FILE107.PDS, moved to PDS/SBIT
2025-04-04 04:26:28.027250 - Found SMCTRL.txt (text/plain) in CBT.V508.FILE107.PDS, moved to PDS/SMCTRL
2025-04-04 04:26:28.027357 - Found SMLIST.txt (text/plain) in CBT.V508.FILE107.PDS, moved to PDS/SMLIST
2025-04-04 04:26:28.027465 - Found SMPUCOND.txt (text/plain) in CBT.V508.FILE107.PDS, moved to PDS/SMPUCOND
2025-04-04 04:26:28.027588 - Found SMSYMS.txt (text/plain) in CBT.V508.FILE107.PDS, moved to PDS/SMSYMS
2025-04-04 04:26:28.027724 - Found SSD.txt (text/plain) in CBT.V508.FILE107.PDS, moved to PDS/SSD
2025-04-04 04:26:28.027842 - Found STRSA.txt (text/plain) in CBT.V508.FILE107.PDS, moved to PDS/STRSA
2025-04-04 04:26:28.027955 - Found SWA.txt (text/plain) in CBT.V508.FILE107.PDS, moved to PDS/SWA
2025-04-04 04:26:28.028247 - Found TBIT.txt (text/plain) in CBT.V508.FILE107.PDS, moved to PDS/TBIT
2025-04-04 04:26:28.028563 - Found TREG.txt (text/plain) in CBT.V508.FILE107.PDS, moved to PDS/TREG
2025-04-04 04:26:28.028682 - Found VDA.txt (text/plain) in CBT.V508.FILE107.PDS, moved to PDS/VDA
